[templates.envytheme.com/luba/default/furniture.html]
[backblue.gif]
[fade.gif]
[index.html]
[templates.envytheme.com/luba/default/assets/images/tab.png]
[templates.envytheme.com/luba/default/assets/css/bootstrap.min.css]
[templates.envytheme.com/luba/default/assets/css/bootstrap-reboot.min.css]
[templates.envytheme.com/luba/default/assets/css/animate.min.css]
[templates.envytheme.com/luba/default/assets/css/owl.carousel.min.css]
[templates.envytheme.com/luba/default/assets/css/owl.theme.default.min.css]
[templates.envytheme.com/luba/default/assets/css/slick.css]
[templates.envytheme.com/luba/default/assets/css/slick-theme.css]
[templates.envytheme.com/luba/default/assets/css/meanmenu.min.css]
[templates.envytheme.com/luba/default/assets/css/magnific-popup.min.css]
[templates.envytheme.com/luba/default/assets/css/boxicons.min.css]
[templates.envytheme.com/luba/default/assets/css/flaticon.css]
[templates.envytheme.com/luba/default/assets/css/style.css]
[templates.envytheme.com/luba/default/assets/css/responsive.css]
[templates.envytheme.com/luba/default/assets/css/theme-dark.css]
[templates.envytheme.com/luba/default/assets/images/flag-1.png]
[templates.envytheme.com/luba/default/assets/images/flag-2.png]
[templates.envytheme.com/luba/default/assets/images/flag-3.png]
[templates.envytheme.com/luba/default/assets/images/flag-4.png]
[templates.envytheme.com/luba/default/shops-right-sidebar.html]
[templates.envytheme.com/luba/default/assets/images/logo-red.png]
[templates.envytheme.com/luba/default/assets/images/logo-white.png]
[templates.envytheme.com/luba/default/my-account.html]
[templates.envytheme.com/luba/default/furniture-2.html]
[templates.envytheme.com/luba/default/electronic.html]
[templates.envytheme.com/luba/default/babyshop.html]
[templates.envytheme.com/luba/default/shops-right-sidebar-with-categories.html]
[templates.envytheme.com/luba/default/categories-1.html]
[templates.envytheme.com/luba/default/shops-left-sidebar.html]
[templates.envytheme.com/luba/default/shops-left-sidebar-with-categories.html]
[templates.envytheme.com/luba/default/categories-fullwidth.html]
[templates.envytheme.com/luba/default/shops-without-sidebar.html]
[templates.envytheme.com/luba/default/shops-right-sidebar-with-fullwidth.html]
[templates.envytheme.com/luba/default/categories-3.html]
[templates.envytheme.com/luba/default/about-us.html]
[templates.envytheme.com/luba/default/faqs.html]
[templates.envytheme.com/luba/default/shop-details.html]
[templates.envytheme.com/luba/default/tracking-order.html]
[templates.envytheme.com/luba/default/sizing-guides.html]
[templates.envytheme.com/luba/default/customer-service.html]
[templates.envytheme.com/luba/default/compare.html]
[templates.envytheme.com/luba/default/cart.html]
[templates.envytheme.com/luba/default/checkout.html]
[templates.envytheme.com/luba/default/authentication.html]
[templates.envytheme.com/luba/default/forget-password.html]
[templates.envytheme.com/luba/default/terms-service.html]
[templates.envytheme.com/luba/default/privacy-policy.html]
[templates.envytheme.com/luba/default/coming-soon.html]
[templates.envytheme.com/luba/default/search-page.html]
[templates.envytheme.com/luba/default/404.html]
[templates.envytheme.com/luba/default/blogs-right-sidebar.html]
[templates.envytheme.com/luba/default/blog-details.html]
[templates.envytheme.com/luba/default/blog-details-video.html]
[templates.envytheme.com/luba/default/contact-us.html]
[templates.envytheme.com/luba/default/assets/images/header-2-carousel-1.png]
[templates.envytheme.com/luba/default/shops-details.html]
[templates.envytheme.com/luba/default/assets/images/header-2-carousel-2.png]
[templates.envytheme.com/luba/default/assets/images/header-2-carousel-3.png]
[templates.envytheme.com/luba/default/assets/images/trending-carousel-1.jpg]
[templates.envytheme.com/luba/default/assets/images/trending-carousel-2.jpg]
[templates.envytheme.com/luba/default/assets/images/product-28.png]
[templates.envytheme.com/luba/default/assets/images/product-28-zoom.png]
[templates.envytheme.com/luba/default/assets/images/product-29.png]
[templates.envytheme.com/luba/default/assets/images/product-29-zoom.png]
[templates.envytheme.com/luba/default/assets/images/product-30.png]
[templates.envytheme.com/luba/default/assets/images/product-30-zoom.png]
[templates.envytheme.com/luba/default/assets/images/product-31.png]
[templates.envytheme.com/luba/default/assets/images/product-31-zoom.png]
[templates.envytheme.com/luba/default/assets/images/product-32.png]
[templates.envytheme.com/luba/default/assets/images/product-32-zoom.png]
[templates.envytheme.com/luba/default/assets/images/product-33.png]
[templates.envytheme.com/luba/default/assets/images/product-33-zoom.png]
[templates.envytheme.com/luba/default/assets/images/product-34.png]
[templates.envytheme.com/luba/default/assets/images/product-34-zoom.png]
[templates.envytheme.com/luba/default/assets/images/product-35.png]
[templates.envytheme.com/luba/default/assets/images/product-35-zoom.png]
[templates.envytheme.com/luba/default/assets/images/leaf-4.png]
[templates.envytheme.com/luba/default/assets/images/about-history.png]
[templates.envytheme.com/luba/default/assets/images/partner-1.png]
[templates.envytheme.com/luba/default/assets/images/partner-2.png]
[templates.envytheme.com/luba/default/assets/images/partner-3.png]
[templates.envytheme.com/luba/default/assets/images/partner-4.png]
[templates.envytheme.com/luba/default/assets/images/partner-5.png]
[templates.envytheme.com/luba/default/assets/images/product-37.png]
[templates.envytheme.com/luba/default/assets/images/product-37-zoom.png]
[templates.envytheme.com/luba/default/assets/images/product-38.png]
[templates.envytheme.com/luba/default/assets/images/product-38-zoom.png]
[templates.envytheme.com/luba/default/assets/images/product-39.png]
[templates.envytheme.com/luba/default/assets/images/product-39-zoom.png]
[templates.envytheme.com/luba/default/assets/images/product-40.png]
[templates.envytheme.com/luba/default/assets/images/product-40-zoom.png]
[templates.envytheme.com/luba/default/assets/images/department-1.png]
[templates.envytheme.com/luba/default/assets/images/department-2.png]
[templates.envytheme.com/luba/default/assets/images/department-3.png]
[templates.envytheme.com/luba/default/assets/images/department-4.png]
[templates.envytheme.com/luba/default/assets/images/product-newsletter-img.png]
[templates.envytheme.com/luba/default/assets/images/leaf-5.png]
[templates.envytheme.com/luba/default/assets/images/product-41.png]
[templates.envytheme.com/luba/default/assets/images/product-41-zoom.png]
[templates.envytheme.com/luba/default/assets/images/product-42.png]
[templates.envytheme.com/luba/default/assets/images/product-42-zoom.png]
[templates.envytheme.com/luba/default/assets/images/product-43.png]
[templates.envytheme.com/luba/default/assets/images/product-43-zoom.png]
[templates.envytheme.com/luba/default/assets/images/leaf-6.png]
[templates.envytheme.com/luba/default/assets/images/blog-7.jpg]
[templates.envytheme.com/luba/default/assets/images/blog-8.jpg]
[templates.envytheme.com/luba/default/assets/images/blog-9.jpg]
[templates.envytheme.com/cdn-cgi/scripts/5c5dd728/cloudflare-static/email-decode.min.js]
[templates.envytheme.com/luba/default/assets/images/paypal.jpg]
[templates.envytheme.com/luba/default/assets/images/visa.jpg]
[templates.envytheme.com/luba/default/assets/images/americal-express.jpg]
[templates.envytheme.com/luba/default/assets/images/mastercard.jpg]
[templates.envytheme.com/luba/default/assets/js/jquery.min.js]
[templates.envytheme.com/luba/default/assets/js/bootstrap.bundle.min.js]
[templates.envytheme.com/luba/default/assets/js/jquery-ui.js]
[templates.envytheme.com/luba/default/assets/js/jquery.magnific-popup.min.js]
[templates.envytheme.com/luba/default/assets/js/owl.carousel.min.js]
[templates.envytheme.com/luba/default/assets/js/slick.min.js]
[templates.envytheme.com/luba/default/assets/js/isotope.pkgd.min.js]
[templates.envytheme.com/luba/default/assets/js/jquery.ajaxchimp.min.js]
[templates.envytheme.com/luba/default/assets/js/form-validator.min.js]
[templates.envytheme.com/luba/default/assets/js/contact-form-script.js]
[templates.envytheme.com/luba/default/assets/js/jquery.meanmenu.min.js]
[templates.envytheme.com/luba/default/furniture.html]
[templates.envytheme.com/luba/default/assets/css/bootstrap.min.css]
[templates.envytheme.com/luba/default/assets/css/bootstrap-reboot.min.css]
[templates.envytheme.com/luba/default/assets/css/animate.min.css]
[templates.envytheme.com/luba/default/assets/js/script.js]
[templates.envytheme.com/luba/default/assets/css/owl.video.play.png]
[templates.envytheme.com/luba/default/assets/css/owl.carousel.min.css]
[templates.envytheme.com/luba/default/assets/css/owl.theme.default.min.css]
[templates.envytheme.com/luba/default/assets/css/slick.css]
[templates.envytheme.com/luba/default/assets/images/ajax-loader.gif]
[templates.envytheme.com/luba/default/assets/fonts/slick.eot]
[templates.envytheme.com/luba/default/assets/fonts/slickd41d.eot]
[templates.envytheme.com/luba/default/assets/fonts/slick.woff]
[templates.envytheme.com/luba/default/assets/fonts/slick.ttf]
[templates.envytheme.com/luba/default/assets/css/slick-theme.css]
[templates.envytheme.com/luba/default/assets/css/meanmenu.min.css]
[templates.envytheme.com/luba/default/assets/css/magnific-popup.min.css]
[templates.envytheme.com/luba/default/assets/fonts/slick.svg]
[templates.envytheme.com/luba/default/assets/fonts/boxicons.eot]
[templates.envytheme.com/luba/default/assets/fonts/boxicons.woff2]
[templates.envytheme.com/luba/default/assets/fonts/boxicons.woff]
[templates.envytheme.com/luba/default/assets/fonts/boxicons.ttf]
[templates.envytheme.com/luba/default/assets/css/boxicons.min.css]
[templates.envytheme.com/luba/default/assets/fonts/boxiconsd41d.svg]
[templates.envytheme.com/luba/default/assets/fonts/Flaticon.eot]
[templates.envytheme.com/luba/default/assets/fonts/Flaticond41d.eot]
[templates.envytheme.com/luba/default/assets/fonts/Flaticon.woff2]
[templates.envytheme.com/luba/default/assets/fonts/Flaticon.woff]
[templates.envytheme.com/luba/default/assets/fonts/Flaticon.ttf]
[templates.envytheme.com/luba/default/assets/css/flaticon.css]
[templates.envytheme.com/luba/default/assets/fonts/Flaticon.svg]
[templates.envytheme.com/luba/default/assets/fonts/cerebri_sans_fonts/CerebriSansPro-Bold.woff2]
[templates.envytheme.com/luba/default/assets/fonts/cerebri_sans_fonts/CerebriSansPro-Bold.woff]
[templates.envytheme.com/luba/default/assets/fonts/cerebri_sans_fonts/CerebriSansPro-ExtraBold.woff2]
[templates.envytheme.com/luba/default/assets/fonts/cerebri_sans_fonts/CerebriSansPro-ExtraBold.woff]
[templates.envytheme.com/luba/default/assets/fonts/cerebri_sans_fonts/CerebriSansPro-ExtraLight.woff2]
[templates.envytheme.com/luba/default/assets/fonts/cerebri_sans_fonts/CerebriSansPro-ExtraLight.woff]
[templates.envytheme.com/luba/default/assets/fonts/cerebri_sans_fonts/CerebriSansPro-Light.woff2]
[templates.envytheme.com/luba/default/assets/fonts/cerebri_sans_fonts/CerebriSansPro-Light.woff]
[templates.envytheme.com/luba/default/assets/fonts/cerebri_sans_fonts/CerebriSansPro-Heavy.woff2]
[templates.envytheme.com/luba/default/assets/fonts/cerebri_sans_fonts/CerebriSansPro-Heavy.woff]
[templates.envytheme.com/luba/default/assets/fonts/cerebri_sans_fonts/CerebriSansPro-LightItalic.woff2]
[templates.envytheme.com/luba/default/assets/fonts/cerebri_sans_fonts/CerebriSansPro-LightItalic.woff]
[templates.envytheme.com/luba/default/assets/fonts/cerebri_sans_fonts/CerebriSansPro-Medium.woff2]
[templates.envytheme.com/luba/default/assets/fonts/cerebri_sans_fonts/CerebriSansPro-Medium.woff]
[templates.envytheme.com/luba/default/assets/fonts/cerebri_sans_fonts/CerebriSansPro-Regular.woff2]
[templates.envytheme.com/luba/default/assets/fonts/cerebri_sans_fonts/CerebriSansPro-Regular.woff]
[templates.envytheme.com/luba/default/assets/fonts/cerebri_sans_fonts/CerebriSansPro-SemiBold.woff2]
[templates.envytheme.com/luba/default/assets/fonts/cerebri_sans_fonts/CerebriSansPro-SemiBold.woff]
[templates.envytheme.com/luba/default/assets/images/underline-shape.png]
[templates.envytheme.com/luba/default/assets/images/topbar-bg.png]
[templates.envytheme.com/luba/default/assets/images/up-down-shape.png]
[templates.envytheme.com/luba/default/assets/images/header-banner-1.jpg]
[templates.envytheme.com/luba/default/assets/images/owl-shape.png]
[templates.envytheme.com/luba/default/assets/images/owl-shape-pink.png]
[templates.envytheme.com/luba/default/assets/images/offer-bg.jpg]
[templates.envytheme.com/luba/default/assets/images/offer-bg-shape.png]
[templates.envytheme.com/luba/default/assets/images/instagram-bg.png]
[templates.envytheme.com/luba/default/assets/images/header-two-carousel-shape.png]
[templates.envytheme.com/luba/default/assets/images/special-count-bg.jpg]
[templates.envytheme.com/luba/default/assets/images/furniture-header-shape.png]
[templates.envytheme.com/luba/default/assets/images/count-shape.png]
[templates.envytheme.com/luba/default/assets/images/about-video-bg.jpg]
[templates.envytheme.com/luba/default/assets/images/authentication.jpg]
[templates.envytheme.com/luba/default/assets/images/coming-soon.jpg]
[templates.envytheme.com/luba/default/assets/images/furniture-header-shape-2.png]
[templates.envytheme.com/luba/default/assets/images/testimonial-bg-shape.png]
[templates.envytheme.com/luba/default/assets/css/style.css]
[templates.envytheme.com/luba/default/assets/css/responsive.css]
[templates.envytheme.com/luba/default/assets/images/night.png]
[templates.envytheme.com/luba/default/assets/images/sunny.png]
[templates.envytheme.com/luba/default/assets/css/theme-dark.css]
[templates.envytheme.com/luba/default/assets/images/header-page-shape-1.png]
[templates.envytheme.com/luba/default/assets/images/header-page-shape-2.png]
[templates.envytheme.com/luba/default/assets/images/category-leaf-1.png]
[templates.envytheme.com/luba/default/assets/images/category-1.png]
[templates.envytheme.com/luba/default/assets/images/product-36.png]
[templates.envytheme.com/luba/default/assets/images/product-36-zoom.png]
[templates.envytheme.com/luba/default/assets/images/instagram-1.jpg]
[templates.envytheme.com/luba/default/assets/images/instagram-2.jpg]
[templates.envytheme.com/luba/default/assets/images/instagram-3.jpg]
[templates.envytheme.com/luba/default/assets/images/instagram-4.jpg]
[templates.envytheme.com/luba/default/assets/images/instagram-5.jpg]
[templates.envytheme.com/luba/default/assets/images/instagram-6.jpg]
[templates.envytheme.com/luba/default/assets/images/instagram-7.jpg]
[templates.envytheme.com/luba/default/shops-right-sidebar.html]
[templates.envytheme.com/luba/default/my-orders.html]
[templates.envytheme.com/luba/default/my-addresses.html]
[templates.envytheme.com/luba/default/assets/images/comment-1.jpg]
[templates.envytheme.com/luba/default/my-account.html]
[templates.envytheme.com/luba/default/assets/images/header-2-carousel-4.png]
[templates.envytheme.com/luba/default/assets/images/trending-cate-1.jpg]
[templates.envytheme.com/luba/default/assets/images/trending-cate-2.jpg]
[templates.envytheme.com/luba/default/assets/images/trending-cate-3.jpg]
[templates.envytheme.com/luba/default/assets/images/department-grid-1.jpg]
[templates.envytheme.com/luba/default/assets/images/department-grid-2.jpg]
[templates.envytheme.com/luba/default/assets/images/department-grid-3.jpg]
[templates.envytheme.com/luba/default/assets/images/department-grid-4.jpg]
[templates.envytheme.com/luba/default/assets/images/department-grid-5.jpg]
[templates.envytheme.com/luba/default/assets/images/department-grid-6.jpg]
[templates.envytheme.com/luba/default/assets/images/testimonial-single.png]
[templates.envytheme.com/luba/default/assets/images/testimonial-quote.png]
[templates.envytheme.com/luba/default/assets/images/blog-grid-1.jpg]
[templates.envytheme.com/luba/default/assets/images/client-1.jpg]
[templates.envytheme.com/luba/default/assets/images/blog-grid-2.jpg]
[templates.envytheme.com/luba/default/assets/images/client-2.jpg]
[templates.envytheme.com/luba/default/assets/images/blog-grid-3.jpg]
[templates.envytheme.com/luba/default/assets/images/client-3.jpg]
[templates.envytheme.com/luba/default/assets/images/partner-main-1.png]
[templates.envytheme.com/luba/default/assets/images/partner-main-2.png]
[templates.envytheme.com/luba/default/assets/images/partner-main-3.png]
[templates.envytheme.com/luba/default/assets/images/partner-main-4.png]
[templates.envytheme.com/luba/default/assets/images/partner-main-5.png]
[templates.envytheme.com/luba/default/furniture-2.html]
[templates.envytheme.com/luba/default/assets/images/header-pro-1.png]
[templates.envytheme.com/luba/default/assets/images/header-pro-2.png]
[templates.envytheme.com/luba/default/assets/images/header-pro-3.png]
[templates.envytheme.com/luba/default/assets/images/electronic-carousel-1.png]
[templates.envytheme.com/luba/default/assets/images/electronic-carousel-2.png]
[templates.envytheme.com/luba/default/assets/images/electronic-carousel-3.png]
[templates.envytheme.com/luba/default/assets/images/product-5.png]
[templates.envytheme.com/luba/default/assets/images/product-5-zoom.png]
[templates.envytheme.com/luba/default/assets/images/product-13.png]
[templates.envytheme.com/luba/default/assets/images/product-13-zoom.png]
[templates.envytheme.com/luba/default/assets/images/product-14.png]
[templates.envytheme.com/luba/default/assets/images/product-14-zoom.png]
[templates.envytheme.com/luba/default/assets/images/product-15.png]
[templates.envytheme.com/luba/default/assets/images/product-15-zoom.png]
[templates.envytheme.com/luba/default/assets/images/deal-1.png]
[templates.envytheme.com/luba/default/assets/images/deal-2.png]
[templates.envytheme.com/luba/default/assets/images/product-16.png]
[templates.envytheme.com/luba/default/assets/images/product-16-zoom.png]
[templates.envytheme.com/luba/default/assets/images/product-17.png]
[templates.envytheme.com/luba/default/assets/images/product-17-zoom.png]
[templates.envytheme.com/luba/default/assets/images/product-18.png]
[templates.envytheme.com/luba/default/assets/images/product-18-zoom.png]
[templates.envytheme.com/luba/default/assets/images/product-19.png]
[templates.envytheme.com/luba/default/assets/images/product-19-zoom.png]
[templates.envytheme.com/luba/default/assets/images/product-20.png]
[templates.envytheme.com/luba/default/assets/images/product-20-zoom.png]
[templates.envytheme.com/luba/default/assets/images/product-21.png]
[templates.envytheme.com/luba/default/assets/images/product-21-zoom.png]
[templates.envytheme.com/luba/default/assets/images/product-22.png]
[templates.envytheme.com/luba/default/assets/images/product-22-zoom.png]
[templates.envytheme.com/luba/default/assets/images/product-23.png]
[templates.envytheme.com/luba/default/assets/images/product-23-zoom.png]
[templates.envytheme.com/luba/default/assets/images/product-24.png]
[templates.envytheme.com/luba/default/assets/images/product-24-zoom.png]
[templates.envytheme.com/luba/default/assets/images/product-25.png]
[templates.envytheme.com/luba/default/assets/images/product-25-zoom.png]
[templates.envytheme.com/luba/default/assets/images/product-26.png]
[templates.envytheme.com/luba/default/assets/images/product-26-zoom.png]
[templates.envytheme.com/luba/default/assets/images/product-27.png]
[templates.envytheme.com/luba/default/assets/images/product-27-zoom.png]
[templates.envytheme.com/luba/default/assets/images/blog-4.jpg]
[templates.envytheme.com/luba/default/assets/images/blog-5.jpg]
[templates.envytheme.com/luba/default/assets/images/blog-6.jpg]
[templates.envytheme.com/luba/default/electronic.html]
[templates.envytheme.com/luba/default/assets/images/tab-pink.png]
[templates.envytheme.com/luba/default/assets/images/logo.png]
[templates.envytheme.com/luba/default/assets/images/header-carousel-1.png]
[templates.envytheme.com/luba/default/assets/images/header-carousel-2.png]
[templates.envytheme.com/luba/default/assets/images/header-carousel-3.png]
[templates.envytheme.com/luba/default/assets/images/leaf-1.png]
[templates.envytheme.com/luba/default/assets/images/leaf-2.png]
[templates.envytheme.com/luba/default/assets/images/upcoming-1.png]
[templates.envytheme.com/luba/default/assets/images/shape-1.png]
[templates.envytheme.com/luba/default/assets/images/upcoming-2.png]
[templates.envytheme.com/luba/default/assets/images/product-1.png]
[templates.envytheme.com/luba/default/assets/images/product-1-zoom.png]
[templates.envytheme.com/luba/default/assets/images/product-2.png]
[templates.envytheme.com/luba/default/assets/images/product-2-zoom.png]
[templates.envytheme.com/luba/default/assets/images/product-3.png]
[templates.envytheme.com/luba/default/assets/images/product-3-zoom.png]
[templates.envytheme.com/luba/default/assets/images/product-4.png]
[templates.envytheme.com/luba/default/assets/images/product-4-zoom.png]
[templates.envytheme.com/luba/default/assets/images/trending-search-1.png]
[templates.envytheme.com/luba/default/assets/images/trending-search-2.png]
[templates.envytheme.com/luba/default/assets/images/trending-search-3.png]
[templates.envytheme.com/luba/default/assets/images/trending-search-4.png]
[templates.envytheme.com/luba/default/assets/images/trending-search-5.png]
[templates.envytheme.com/luba/default/assets/images/trending-search-6.png]
[templates.envytheme.com/luba/default/assets/images/product-6.png]
[templates.envytheme.com/luba/default/assets/images/product-6-zoom.png]
[templates.envytheme.com/luba/default/assets/images/product-7.png]
[templates.envytheme.com/luba/default/assets/images/product-7-zoom.png]
[templates.envytheme.com/luba/default/assets/images/product-8.png]
[templates.envytheme.com/luba/default/assets/images/product-8-zoom.png]
[templates.envytheme.com/luba/default/assets/images/product-9.png]
[templates.envytheme.com/luba/default/assets/images/product-9-zoom.png]
[templates.envytheme.com/luba/default/assets/images/product-10.png]
[templates.envytheme.com/luba/default/assets/images/product-10-zoom.png]
[templates.envytheme.com/luba/default/assets/images/product-11.png]
[templates.envytheme.com/luba/default/assets/images/product-11-zoom.png]
[templates.envytheme.com/luba/default/assets/images/product-12.png]
[templates.envytheme.com/luba/default/assets/images/product-12-zoom.png]
[templates.envytheme.com/luba/default/assets/images/testimonial-shape.png]
[templates.envytheme.com/luba/default/assets/images/testimonial-1.png]
[templates.envytheme.com/luba/default/assets/images/testimonial-2.png]
[templates.envytheme.com/luba/default/assets/images/testimonial-3.png]
[templates.envytheme.com/luba/default/assets/images/blog-1.jpg]
[templates.envytheme.com/luba/default/assets/images/blog-2.jpg]
[templates.envytheme.com/luba/default/assets/images/blog-3.jpg]
[templates.envytheme.com/luba/default/babyshop.html]
[templates.envytheme.com/luba/default/assets/images/category-2.png]
[templates.envytheme.com/luba/default/assets/images/category-leaf-2.png]
[templates.envytheme.com/luba/default/assets/images/category-3.png]
[templates.envytheme.com/luba/default/shops-right-sidebar-with-categories.html]
[templates.envytheme.com/luba/default/assets/images/category-leaf-3.png]
[templates.envytheme.com/luba/default/assets/images/category-4.png]
[templates.envytheme.com/luba/default/assets/images/category-5.png]
[templates.envytheme.com/luba/default/categories-1.html]
[templates.envytheme.com/luba/default/shops-left-sidebar.html]
[templates.envytheme.com/luba/default/assets/images/category-6.png]
[templates.envytheme.com/luba/default/shops-left-sidebar-with-categories.html]
[templates.envytheme.com/luba/default/furniture.html__img src=]
[templates.envytheme.com/luba/default/categories-fullwidth.html]
[templates.envytheme.com/luba/default/shops-without-sidebar.html]
[templates.envytheme.com/luba/default/shops-right-sidebar-with-fullwidth.html]
[templates.envytheme.com/luba/default/assets/images/category-carousel-1.png]
[templates.envytheme.com/luba/default/assets/images/category-carousel-2.png]
[templates.envytheme.com/luba/default/assets/images/category-carousel-3.png]
[templates.envytheme.com/luba/default/categories-3.html]
[templates.envytheme.com/luba/default/assets/images/about-1.jpg]
[templates.envytheme.com/luba/default/assets/images/about-2.jpg]
[templates.envytheme.com/luba/default/assets/images/about-3.jpg]
[templates.envytheme.com/luba/default/about-us.html]
[templates.envytheme.com/luba/default/assets/images/faqs.png]
[templates.envytheme.com/luba/default/faqs.html]
[templates.envytheme.com/luba/default/shop-details.html]
[templates.envytheme.com/luba/default/assets/images/tracking-order.png]
[templates.envytheme.com/luba/default/tracking-order.html]
[templates.envytheme.com/luba/default/sizing-guides.html]
[templates.envytheme.com/luba/default/assets/images/customer-service.png]
[templates.envytheme.com/luba/default/customer-service.html]
[templates.envytheme.com/luba/default/compare.html]
[templates.envytheme.com/luba/default/cart.html]
[templates.envytheme.com/luba/default/checkout.html]
[templates.envytheme.com/luba/default/authentication.html]
[templates.envytheme.com/luba/default/forget-password.html]
[templates.envytheme.com/luba/default/terms-service.html]
[templates.envytheme.com/luba/default/privacy-policy.html]
[templates.envytheme.com/luba/default/coming-soon.html]
[templates.envytheme.com/luba/default/assets/images/blog-lg-7.jpg]
[templates.envytheme.com/luba/default/assets/images/blog-lg-9.jpg]
[templates.envytheme.com/luba/default/assets/images/blog-recent-1.jpg]
[templates.envytheme.com/luba/default/assets/images/blog-recent-2.jpg]
[templates.envytheme.com/luba/default/assets/images/blog-recent-3.jpg]
[templates.envytheme.com/luba/default/search-page.html]
[templates.envytheme.com/luba/default/assets/images/404.png]
[templates.envytheme.com/luba/default/404.html]
[templates.envytheme.com/luba/default/assets/images/blog-lg-8.jpg]
[templates.envytheme.com/luba/default/blogs-right-sidebar.html]
[templates.envytheme.com/luba/default/assets/images/blog-details.jpg]
[templates.envytheme.com/luba/default/assets/images/comment-2.jpg]
[templates.envytheme.com/luba/default/assets/images/comment-3.jpg]
[templates.envytheme.com/luba/default/blog-details.html]
[templates.envytheme.com/luba/default/blog-details-video.html]
[templates.envytheme.com/luba/default/contact-us.html]
[templates.envytheme.com/luba/default/shops-details.html]
[templates.envytheme.com/luba/default/assets/css/owl.video.play.html]
[templates.envytheme.com/luba/default/assets/fonts/slick.svg]
[templates.envytheme.com/luba/default/assets/fonts/boxiconsd41d.svg]
[templates.envytheme.com/luba/default/assets/fonts/Flaticon.svg]
[templates.envytheme.com/luba/default/assets/images/topbar-bg.html]
[templates.envytheme.com/luba/default/my-orders.html]
[templates.envytheme.com/luba/default/my-addresses.html]
[templates.envytheme.com/luba/default/furniture-3.html]
