[plab-admin.envytheme.com/index.html]
[backblue.gif]
[fade.gif]
[index.html]
[plab-admin.envytheme.com/css/bootstrap.min.css]
[plab-admin.envytheme.com/css/LineIcons.css]
[plab-admin.envytheme.com/css/viewer.min.css]
[plab-admin.envytheme.com/css/icofont.min.css]
[plab-admin.envytheme.com/css/calendar.css]
[plab-admin.envytheme.com/css/styles.css]
[plab-admin.envytheme.com/css/responsive.css]
[plab-admin.envytheme.com/favicon.ico]
[plab-admin.envytheme.com/images/large-logo.png]
[plab-admin.envytheme.com/images/small-logo.png]
[plab-admin.envytheme.com/ui-component/alerts.html]
[plab-admin.envytheme.com/ui-component/badges.html]
[plab-admin.envytheme.com/ui-component/buttons.html]
[plab-admin.envytheme.com/ui-component/cards.html]
[plab-admin.envytheme.com/ui-component/dropdowns.html]
[plab-admin.envytheme.com/ui-component/forms.html]
[plab-admin.envytheme.com/ui-component/list-groups.html]
[plab-admin.envytheme.com/ui-component/modals.html]
[plab-admin.envytheme.com/ui-component/progress-bars.html]
[plab-admin.envytheme.com/ui-component/tables.html]
[plab-admin.envytheme.com/ui-component/tabs.html]
[plab-admin.envytheme.com/page/gallery.html]
[plab-admin.envytheme.com/images/user/1.jpg]
[plab-admin.envytheme.com/images/user/2.jpg]
[plab-admin.envytheme.com/images/user/3.jpg]
[plab-admin.envytheme.com/images/user/4.jpg]
[plab-admin.envytheme.com/images/user/5.jpg]
[plab-admin.envytheme.com/images/user/6.jpg]
[plab-admin.envytheme.com/page/profile.html]
[plab-admin.envytheme.com/app/inbox.html]
[plab-admin.envytheme.com/app/chat.html]
[plab-admin.envytheme.com/page/profile-settings.html]
[plab-admin.envytheme.com/user/login.html]
[plab-admin.envytheme.com/dashboard2.html]
[plab-admin.envytheme.com/dashboard3.html]
[plab-admin.envytheme.com/dashboard4.html]
[plab-admin.envytheme.com/dashboard5.html]
[plab-admin.envytheme.com/app/todos.html]
[plab-admin.envytheme.com/app/notes.html]
[plab-admin.envytheme.com/app/calendar.html]
[plab-admin.envytheme.com/page/search.html]
[plab-admin.envytheme.com/user/signup.html]
[plab-admin.envytheme.com/user/forgot-password.html]
[plab-admin.envytheme.com/chart/line-chart.html]
[plab-admin.envytheme.com/chart/area-chart.html]
[plab-admin.envytheme.com/chart/column-chart.html]
[plab-admin.envytheme.com/chart/bar-chart.html]
[plab-admin.envytheme.com/chart/mixed-chart.html]
[plab-admin.envytheme.com/chart/pie-donuts-chart.html]
[plab-admin.envytheme.com/icon/feather-icons.html]
[plab-admin.envytheme.com/icon/line-icons.html]
[plab-admin.envytheme.com/icon/icofont-icons.html]
[plab-admin.envytheme.com/page/invoice.html]
[plab-admin.envytheme.com/page/users-card.html]
[plab-admin.envytheme.com/page/notifications.html]
[plab-admin.envytheme.com/page/timeline.html]
[plab-admin.envytheme.com/page/faq.html]
[plab-admin.envytheme.com/page/pricing.html]
[plab-admin.envytheme.com/page/error-404.html]
[plab-admin.envytheme.com/images/product/product1.jpg]
[plab-admin.envytheme.com/images/product/product2.jpg]
[plab-admin.envytheme.com/images/product/product3.jpg]
[plab-admin.envytheme.com/images/product/product4.jpg]
[plab-admin.envytheme.com/images/product/product5.jpg]
[plab-admin.envytheme.com/images/product/product6.jpg]
[plab-admin.envytheme.com/images/product/product7.jpg]
[plab-admin.envytheme.com/&]
[plab-admin.envytheme.com/cdn-cgi/l/email-protection.html]
[plab-admin.envytheme.com/images/user/7.jpg]
[plab-admin.envytheme.com/cdn-cgi/scripts/5c5dd728/cloudflare-static/email-decode.min.js]
[plab-admin.envytheme.com/js/jquery.min.js]
[plab-admin.envytheme.com/js/popper.min.js]
[plab-admin.envytheme.com/js/bootstrap.min.js]
[plab-admin.envytheme.com/js/feather.min.js]
[plab-admin.envytheme.com/js/viewer.min.js]
[plab-admin.envytheme.com/js/apex-charts/apexcharts.min.js]
[plab-admin.envytheme.com/js/apex-charts/apexcharts-stock-prices.js]
[plab-admin.envytheme.com/js/apex-charts/apex-line-charts.js]
[plab-admin.envytheme.com/js/apex-charts/apex-area-charts.js]
[plab-admin.envytheme.com/js/apex-charts/apex-bar-charts.js]
[plab-admin.envytheme.com/js/apex-charts/apex-mixed-charts.js]
[plab-admin.envytheme.com/js/apex-charts/apex-pie-donuts-charts.js]
[plab-admin.envytheme.com/js/apex-charts/sales-by-countries.js]
[plab-admin.envytheme.com/js/apex-charts/product-trends-by-month.js]
[plab-admin.envytheme.com/js/apex-charts/month-sales-statistics.js]
[plab-admin.envytheme.com/js/apex-charts/order-summary.js]
[plab-admin.envytheme.com/js/apex-charts/visitors-overview.js]
[plab-admin.envytheme.com/js/apex-charts/leads-stats.js]
[plab-admin.envytheme.com/js/apex-charts/apex-column-charts.js]
[plab-admin.envytheme.com/js/custom-chart.js]
[plab-admin.envytheme.com/index.html]
[plab-admin.envytheme.com/css/bootstrap.min.css]
[plab-admin.envytheme.com/js/custom.js]
[plab-admin.envytheme.com/fonts/LineIcons5594.eot]
[plab-admin.envytheme.com/fonts/LineIcons5594.ttf]
[plab-admin.envytheme.com/fonts/LineIcons5594.woff]
[plab-admin.envytheme.com/css/LineIcons.css]
[plab-admin.envytheme.com/css/viewer.min.css]
[plab-admin.envytheme.com/fonts/LineIcons5594.svg]
[plab-admin.envytheme.com/fonts/icofont.woff2]
[plab-admin.envytheme.com/css/icofont.min.css]
[plab-admin.envytheme.com/css/calendar.css]
[plab-admin.envytheme.com/fonts/icofont.woff]
[plab-admin.envytheme.com/images/auth-bg-image.jpg]
[plab-admin.envytheme.com/css/styles.css]
[plab-admin.envytheme.com/css/responsive.css]
[plab-admin.envytheme.com/ui-component/alerts.html]
[plab-admin.envytheme.com/ui-component/badges.html]
[plab-admin.envytheme.com/ui-component/buttons.html]
[plab-admin.envytheme.com/images/cards/1.jpg]
[plab-admin.envytheme.com/images/cards/2.jpg]
[plab-admin.envytheme.com/images/cards/3.jpg]
[plab-admin.envytheme.com/images/cards/4.jpg]
[plab-admin.envytheme.com/images/cards/5.jpg]
[plab-admin.envytheme.com/images/cards/6.jpg]
[plab-admin.envytheme.com/images/cards/7.jpg]
[plab-admin.envytheme.com/images/cards/8.jpg]
[plab-admin.envytheme.com/images/cards/9.jpg]
[plab-admin.envytheme.com/images/cards/10.jpg]
[plab-admin.envytheme.com/images/cards/11.jpg]
[plab-admin.envytheme.com/images/cards/12.jpg]
[plab-admin.envytheme.com/images/cards/overlay-thumb-bg.jpg]
[plab-admin.envytheme.com/ui-component/cards.html]
[plab-admin.envytheme.com/ui-component/dropdowns.html]
[plab-admin.envytheme.com/ui-component/forms.html]
[plab-admin.envytheme.com/ui-component/list-groups.html]
[plab-admin.envytheme.com/ui-component/modals.html]
[plab-admin.envytheme.com/ui-component/progress-bars.html]
[plab-admin.envytheme.com/ui-component/tables.html]
[plab-admin.envytheme.com/ui-component/tabs.html]
[plab-admin.envytheme.com/images/gallery/1.jpg]
[plab-admin.envytheme.com/images/gallery/2.jpg]
[plab-admin.envytheme.com/images/gallery/3.jpg]
[plab-admin.envytheme.com/images/gallery/4.jpg]
[plab-admin.envytheme.com/images/gallery/5.jpg]
[plab-admin.envytheme.com/images/gallery/6.jpg]
[plab-admin.envytheme.com/images/gallery/7.jpg]
[plab-admin.envytheme.com/images/gallery/8.jpg]
[plab-admin.envytheme.com/images/gallery/9.jpg]
[plab-admin.envytheme.com/images/gallery/10.jpg]
[plab-admin.envytheme.com/images/gallery/11.jpg]
[plab-admin.envytheme.com/images/gallery/12.jpg]
[plab-admin.envytheme.com/page/gallery.html]
[plab-admin.envytheme.com/images/post/post-img.jpg]
[plab-admin.envytheme.com/images/post/post-img2.jpg]
[plab-admin.envytheme.com/images/post/post-img3.jpg]
[plab-admin.envytheme.com/page/profile.html]
[plab-admin.envytheme.com/app/inbox.html]
[plab-admin.envytheme.com/images/user/8.jpg]
[plab-admin.envytheme.com/app/chat.html]
[plab-admin.envytheme.com/page/profile-settings.html]
[plab-admin.envytheme.com/user/login.html]
[plab-admin.envytheme.com/dashboard2.html]
[plab-admin.envytheme.com/dashboard3.html]
[plab-admin.envytheme.com/dashboard4.html]
[plab-admin.envytheme.com/images/projects/1.jpg]
[plab-admin.envytheme.com/images/projects/2.jpg]
[plab-admin.envytheme.com/images/projects/3.jpg]
[plab-admin.envytheme.com/images/projects/4.jpg]
[plab-admin.envytheme.com/images/projects/5.jpg]
[plab-admin.envytheme.com/images/projects/6.jpg]
[plab-admin.envytheme.com/dashboard5.html]
[plab-admin.envytheme.com/app/todos.html]
[plab-admin.envytheme.com/app/notes.html]
[plab-admin.envytheme.com/js/moment-with-locales.js]
[plab-admin.envytheme.com/app/calendar.html]
[plab-admin.envytheme.com/page/search.html]
[plab-admin.envytheme.com/user/signup.html]
[plab-admin.envytheme.com/user/forgot-password.html]
[plab-admin.envytheme.com/chart/line-chart.html]
[plab-admin.envytheme.com/chart/area-chart.html]
[plab-admin.envytheme.com/chart/column-chart.html]
[plab-admin.envytheme.com/chart/bar-chart.html]
[plab-admin.envytheme.com/chart/mixed-chart.html]
[plab-admin.envytheme.com/chart/pie-donuts-chart.html]
[plab-admin.envytheme.com/icon/feather-icons.html]
[plab-admin.envytheme.com/js/calendar.js]
[plab-admin.envytheme.com/icon/line-icons.html]
[plab-admin.envytheme.com/icon/icofont-icons.html]
[plab-admin.envytheme.com/page/invoice.html]
[plab-admin.envytheme.com/images/user/big/1.png]
[plab-admin.envytheme.com/images/user/big/2.png]
[plab-admin.envytheme.com/images/user/big/3.png]
[plab-admin.envytheme.com/images/user/big/4.png]
[plab-admin.envytheme.com/images/user/big/5.png]
[plab-admin.envytheme.com/images/user/big/6.png]
[plab-admin.envytheme.com/page/users-card.html]
[plab-admin.envytheme.com/images/post-image.png]
[plab-admin.envytheme.com/page/notifications.html]
[plab-admin.envytheme.com/page/timeline.html]
[plab-admin.envytheme.com/page/faq.html]
[plab-admin.envytheme.com/page/pricing.html]
[plab-admin.envytheme.com/page/error-404.html]
[plab-admin.envytheme.com/&.html]
[plab-admin.envytheme.com/cdn-cgi/l/email-protection.html]
[plab-admin.envytheme.com/fonts/LineIcons5594.svg]
