[templates.envytheme.com/finlex/default/index.html]
[templates.envytheme.com/finlex/default/assets/css/bootstrap.min.css]
[templates.envytheme.com/finlex/default/assets/css/owl.theme.default.min.css]
[templates.envytheme.com/finlex/default/assets/css/owl.carousel.min.css]
[templates.envytheme.com/finlex/default/assets/css/remixicon.css]
[templates.envytheme.com/finlex/default/assets/css/meanmenu.min.css]
[templates.envytheme.com/finlex/default/assets/css/animate.min.css]
[templates.envytheme.com/finlex/default/assets/css/magnific-popup.min.css]
[templates.envytheme.com/finlex/default/assets/css/odometer.min.css]
[templates.envytheme.com/finlex/default/assets/css/style.css]
[templates.envytheme.com/finlex/default/assets/css/responsive.css]
[templates.envytheme.com/finlex/default/assets/images/favicon.png]
[backblue.gif]
[fade.gif]
[index.html]
[templates.envytheme.com/finlex/default/assets/images/logo.png]
[templates.envytheme.com/finlex/default/index-2.html]
[templates.envytheme.com/finlex/default/index-3.html]
[templates.envytheme.com/finlex/default/about.html]
[templates.envytheme.com/finlex/default/product.html]
[templates.envytheme.com/finlex/default/all-product.html]
[templates.envytheme.com/finlex/default/product-details-left-sidebar.html]
[templates.envytheme.com/finlex/default/product-details-right-sidebar.html]
[templates.envytheme.com/finlex/default/product-details.html]
[templates.envytheme.com/finlex/default/confirmation.html]
[templates.envytheme.com/finlex/default/cart.html]
[templates.envytheme.com/finlex/default/checkout.html]
[templates.envytheme.com/finlex/default/wishlist.html]
[templates.envytheme.com/finlex/default/log-in.html]
[templates.envytheme.com/finlex/default/register.html]
[templates.envytheme.com/finlex/default/my-account.html]
[templates.envytheme.com/finlex/default/product-type-one.html]
[templates.envytheme.com/finlex/default/product-type-two.html]
[templates.envytheme.com/finlex/default/product-type-three.html]
[templates.envytheme.com/finlex/default/product-type-four.html]
[templates.envytheme.com/finlex/default/product-type-five.html]
[templates.envytheme.com/finlex/default/product-type-six.html]
[templates.envytheme.com/finlex/default/brand.html]
[templates.envytheme.com/finlex/default/testimonials.html]
[templates.envytheme.com/finlex/default/privacy-policy.html]
[templates.envytheme.com/finlex/default/terms-conditions.html]
[templates.envytheme.com/finlex/default/coming-soon.html]
[templates.envytheme.com/finlex/default/404.html]
[templates.envytheme.com/finlex/default/blog.html]
[templates.envytheme.com/finlex/default/blog-left-sidebar.html]
[templates.envytheme.com/finlex/default/blog-details.html]
[templates.envytheme.com/finlex/default/contact.html]
[templates.envytheme.com/finlex/default/assets/images/banner/trending-product-1.png]
[templates.envytheme.com/finlex/default/assets/images/banner/trending-product-2.png]
[templates.envytheme.com/finlex/default/assets/images/banner/banner-img.png]
[templates.envytheme.com/finlex/default/assets/images/icon/price-tag-3.png]
[templates.envytheme.com/finlex/default/assets/images/pricetag-img.jpg]
[templates.envytheme.com/finlex/default/assets/images/banner/shape-1.png]
[templates.envytheme.com/finlex/default/assets/images/banner/shape-2.png]
[templates.envytheme.com/finlex/default/assets/images/banner/shape-3.png]
[templates.envytheme.com/finlex/default/assets/images/banner/shape-4.png]
[templates.envytheme.com/finlex/default/assets/images/top-deal-img-1.png]
[templates.envytheme.com/finlex/default/assets/images/top-deal-img-2.png]
[templates.envytheme.com/finlex/default/assets/images/top-deal-img-3.png]
[templates.envytheme.com/finlex/default/assets/images/products/product-9.jpg]
[templates.envytheme.com/finlex/default/assets/images/products/product-10.jpg]
[templates.envytheme.com/finlex/default/assets/images/products/product-11.jpg]
[templates.envytheme.com/finlex/default/assets/images/products/product-12.jpg]
[templates.envytheme.com/finlex/default/assets/images/products/product-40.jpg]
[templates.envytheme.com/finlex/default/assets/images/products/product-34.jpg]
[templates.envytheme.com/finlex/default/assets/images/products/product-36.jpg]
[templates.envytheme.com/finlex/default/assets/images/products/product-39.jpg]
[templates.envytheme.com/finlex/default/assets/images/products/product-1.jpg]
[templates.envytheme.com/finlex/default/assets/images/products/product-2.jpg]
[templates.envytheme.com/finlex/default/assets/images/products/product-3.jpg]
[templates.envytheme.com/finlex/default/assets/images/products/product-4.jpg]
[templates.envytheme.com/finlex/default/assets/images/products/product-5.jpg]
[templates.envytheme.com/finlex/default/assets/images/products/product-6.jpg]
[templates.envytheme.com/finlex/default/assets/images/products/product-7.jpg]
[templates.envytheme.com/finlex/default/assets/images/products/product-8.jpg]
[templates.envytheme.com/finlex/default/assets/images/products/product-74.jpg]
[templates.envytheme.com/finlex/default/assets/images/products/product-75.jpg]
[templates.envytheme.com/finlex/default/assets/images/products/product-76.jpg]
[templates.envytheme.com/finlex/default/assets/images/products/product-77.jpg]
[templates.envytheme.com/finlex/default/assets/images/products/product-78.jpg]
[templates.envytheme.com/finlex/default/assets/images/products/product-79.jpg]
[templates.envytheme.com/finlex/default/assets/images/products/product-80.jpg]
[templates.envytheme.com/finlex/default/assets/images/products/product-88.jpg]
[templates.envytheme.com/finlex/default/assets/images/products/product-81.jpg]
[templates.envytheme.com/finlex/default/assets/images/products/product-82.jpg]
[templates.envytheme.com/finlex/default/assets/images/products/product-83.jpg]
[templates.envytheme.com/finlex/default/assets/images/products/product-84.jpg]
[templates.envytheme.com/finlex/default/assets/images/products/product-85.jpg]
[templates.envytheme.com/finlex/default/assets/images/products/product-86.jpg]
[templates.envytheme.com/finlex/default/assets/images/products/product-87.jpg]
[templates.envytheme.com/finlex/default/assets/images/products/product-15.jpg]
[templates.envytheme.com/finlex/default/assets/images/products/product-16.jpg]
[templates.envytheme.com/finlex/default/assets/images/products/product-17.jpg]
[templates.envytheme.com/finlex/default/assets/images/products/product-18.jpg]
[templates.envytheme.com/finlex/default/assets/images/products/product-19.jpg]
[templates.envytheme.com/finlex/default/assets/images/products/product-20.jpg]
[templates.envytheme.com/finlex/default/assets/images/products/product-21.jpg]
[templates.envytheme.com/finlex/default/assets/images/products/product-22.jpg]
[templates.envytheme.com/finlex/default/assets/images/products/product-23.jpg]
[templates.envytheme.com/finlex/default/assets/images/products/product-24.jpg]
[templates.envytheme.com/finlex/default/assets/images/products/product-41.jpg]
[templates.envytheme.com/finlex/default/assets/images/products/product-42.jpg]
[templates.envytheme.com/finlex/default/assets/images/products/product-43.jpg]
[templates.envytheme.com/finlex/default/assets/images/products/product-44.jpg]
[templates.envytheme.com/finlex/default/assets/images/products/product-45.jpg]
[templates.envytheme.com/finlex/default/assets/images/products/product-46.jpg]
[templates.envytheme.com/finlex/default/assets/images/testimonial/testimonial-1.jpg]
[templates.envytheme.com/finlex/default/assets/images/testimonial/testimonial-2.jpg]
[templates.envytheme.com/finlex/default/assets/images/testimonial/testimonial-shape-1.png]
[templates.envytheme.com/finlex/default/assets/images/testimonial/testimonial-shape-2.png]
[templates.envytheme.com/finlex/default/assets/images/blog/blog-1.jpg]
[templates.envytheme.com/finlex/default/assets/images/blog/blog-2.jpg]
[templates.envytheme.com/finlex/default/assets/images/blog/blog-3.jpg]
[templates.envytheme.com/finlex/default/assets/images/partner/partner-1.png]
[templates.envytheme.com/finlex/default/assets/images/partner/partner-2.png]
[templates.envytheme.com/finlex/default/assets/images/partner/partner-3.png]
[templates.envytheme.com/finlex/default/assets/images/partner/partner-4.png]
[templates.envytheme.com/finlex/default/assets/images/partner/partner-5.png]
[templates.envytheme.com/finlex/default/assets/images/partner/partner-6.png]
[templates.envytheme.com/finlex/default/assets/images/partner/partner-7.png]
[templates.envytheme.com/finlex/default/assets/images/app-button-1.png]
[templates.envytheme.com/finlex/default/assets/images/app-button-2.png]
[templates.envytheme.com/finlex/default/assets/images/payment-card.png]
[templates.envytheme.com/cdn-cgi/scripts/5c5dd728/cloudflare-static/email-decode.min.js]
[templates.envytheme.com/finlex/default/assets/js/jquery.min.js]
[templates.envytheme.com/finlex/default/assets/js/bootstrap.bundle.min.js]
[templates.envytheme.com/finlex/default/assets/js/meanmenu.min.js]
[templates.envytheme.com/finlex/default/assets/js/owl.carousel.min.js]
[templates.envytheme.com/finlex/default/assets/js/wow.min.js]
[templates.envytheme.com/finlex/default/assets/js/magnific-popup.min.js]
[templates.envytheme.com/finlex/default/assets/js/appear.min.js]
[templates.envytheme.com/finlex/default/assets/js/odometer.min.js]
[templates.envytheme.com/finlex/default/assets/js/form-validator.min.js]
[templates.envytheme.com/finlex/default/assets/js/contact-form-script.js]
[templates.envytheme.com/finlex/default/assets/js/ajaxchimp.min.js]
[templates.envytheme.com/finlex/default/index.html]
[templates.envytheme.com/finlex/default/assets/css/bootstrap.min.css]
[templates.envytheme.com/finlex/default/assets/css/owl.theme.default.min.css]
[templates.envytheme.com/finlex/default/assets/js/custom.js]
[templates.envytheme.com/finlex/default/assets/css/owl.video.play.png]
[templates.envytheme.com/finlex/default/assets/css/owl.carousel.min.css]
[templates.envytheme.com/finlex/default/assets/fonts/remixicondf6d.eot]
[templates.envytheme.com/finlex/default/assets/fonts/remixicondf6d.woff2]
[templates.envytheme.com/finlex/default/assets/fonts/remixicondf6d.woff]
[templates.envytheme.com/finlex/default/assets/fonts/remixicondf6d.ttf]
[templates.envytheme.com/finlex/default/assets/fonts/remixicondf6d.svg]
[templates.envytheme.com/finlex/default/assets/css/remixicon.css]
[templates.envytheme.com/finlex/default/assets/css/meanmenu.min.css]
[templates.envytheme.com/finlex/default/assets/css/animate.min.css]
[templates.envytheme.com/finlex/default/assets/css/magnific-popup.min.css]
[templates.envytheme.com/finlex/default/assets/css/odometer.min.css]
[templates.envytheme.com/finlex/default/assets/css/pages-css/header.css]
[templates.envytheme.com/finlex/default/assets/css/pages-css/navbar.css]
[templates.envytheme.com/finlex/default/assets/css/pages-css/sidebar-modal.css]
[templates.envytheme.com/finlex/default/assets/css/pages-css/search-modal.css]
[templates.envytheme.com/finlex/default/assets/css/pages-css/hone-page-one.css]
[templates.envytheme.com/finlex/default/assets/css/pages-css/footer.css]
[templates.envytheme.com/finlex/default/assets/css/pages-css/copy-right.css]
[templates.envytheme.com/finlex/default/assets/css/pages-css/home-page-two.css]
[templates.envytheme.com/finlex/default/assets/css/pages-css/home-page-three.css]
[templates.envytheme.com/finlex/default/assets/css/pages-css/page-title.css]
[templates.envytheme.com/finlex/default/assets/css/pages-css/about.css]
[templates.envytheme.com/finlex/default/assets/css/pages-css/contact.css]
[templates.envytheme.com/finlex/default/assets/css/pages-css/confirmation.css]
[templates.envytheme.com/finlex/default/assets/css/pages-css/my-account.css]
[templates.envytheme.com/finlex/default/assets/css/pages-css/checkout.css]
[templates.envytheme.com/finlex/default/assets/css/pages-css/cart.css]
[templates.envytheme.com/finlex/default/assets/css/pages-css/wishlist.css]
[templates.envytheme.com/finlex/default/assets/css/pages-css/blog-details.css]
[templates.envytheme.com/finlex/default/assets/css/pages-css/sidebar-widget.css]
[templates.envytheme.com/finlex/default/assets/css/pages-css/main-content.css]
[templates.envytheme.com/finlex/default/assets/css/pages-css/coming-soon.css]
[templates.envytheme.com/finlex/default/assets/css/pages-css/404.css]
[templates.envytheme.com/finlex/default/assets/css/pages-css/product-details.css]
[templates.envytheme.com/finlex/default/assets/css/style.css]
[templates.envytheme.com/finlex/default/assets/css/responsive.css]
[templates.envytheme.com/finlex/default/assets/css/pages-css/product-view-one.css]
[templates.envytheme.com/finlex/default/assets/images/icon/wheel.png]
[templates.envytheme.com/finlex/default/assets/images/icon/airbag.png]
[templates.envytheme.com/finlex/default/assets/images/icon/car-door.png]
[templates.envytheme.com/finlex/default/assets/images/icon/gear.png]
[templates.envytheme.com/finlex/default/assets/images/icon/damper.png]
[templates.envytheme.com/finlex/default/assets/images/products/product-47.jpg]
[templates.envytheme.com/finlex/default/assets/images/products/product-48.jpg]
[templates.envytheme.com/finlex/default/assets/images/products/product-49.jpg]
[templates.envytheme.com/finlex/default/assets/images/products/product-50.jpg]
[templates.envytheme.com/finlex/default/assets/images/partner/partner-8.png]
[templates.envytheme.com/finlex/default/assets/images/partner/partner-9.png]
[templates.envytheme.com/finlex/default/assets/images/partner/partner-10.png]
[templates.envytheme.com/finlex/default/assets/images/partner/partner-11.png]
[templates.envytheme.com/finlex/default/assets/images/partner/partner-12.png]
[templates.envytheme.com/finlex/default/assets/images/partner/partner-13.png]
[templates.envytheme.com/finlex/default/assets/images/partner/partner-14.png]
[templates.envytheme.com/finlex/default/assets/images/products/product-51.jpg]
[templates.envytheme.com/finlex/default/assets/images/products/product-52.jpg]
[templates.envytheme.com/finlex/default/assets/images/products/product-53.jpg]
[templates.envytheme.com/finlex/default/assets/images/products/product-54.jpg]
[templates.envytheme.com/finlex/default/assets/images/products/product-55.jpg]
[templates.envytheme.com/finlex/default/assets/images/products/product-56.jpg]
[templates.envytheme.com/finlex/default/assets/images/products/product-57.jpg]
[templates.envytheme.com/finlex/default/assets/images/products/product-58.jpg]
[templates.envytheme.com/finlex/default/assets/images/products/product-59.jpg]
[templates.envytheme.com/finlex/default/assets/images/testimonial/testimonial-3.jpg]
[templates.envytheme.com/finlex/default/assets/images/blog/blog-4.jpg]
[templates.envytheme.com/finlex/default/assets/images/blog/admin-1.jpg]
[templates.envytheme.com/finlex/default/assets/images/blog/blog-5.jpg]
[templates.envytheme.com/finlex/default/assets/images/blog/admin-2.jpg]
[templates.envytheme.com/finlex/default/assets/images/blog/blog-6.jpg]
[templates.envytheme.com/finlex/default/assets/images/blog/admin-3.jpg]
[templates.envytheme.com/finlex/default/index-2.html]
[templates.envytheme.com/finlex/default/assets/images/banner/banner-img-3.jpg]
[templates.envytheme.com/finlex/default/assets/images/banner/shape-6.png]
[templates.envytheme.com/finlex/default/assets/images/partner/partner-15.png]
[templates.envytheme.com/finlex/default/assets/images/products/product-60.jpg]
[templates.envytheme.com/finlex/default/assets/images/products/product-61.jpg]
[templates.envytheme.com/finlex/default/assets/images/products/product-62.jpg]
[templates.envytheme.com/finlex/default/assets/images/products/product-63.jpg]
[templates.envytheme.com/finlex/default/assets/images/products/product-64.jpg]
[templates.envytheme.com/finlex/default/assets/images/products/product-65.jpg]
[templates.envytheme.com/finlex/default/assets/images/products/product-66.jpg]
[templates.envytheme.com/finlex/default/assets/images/products/product-67.jpg]
[templates.envytheme.com/finlex/default/assets/images/products/product-68.jpg]
[templates.envytheme.com/finlex/default/assets/images/products/product-69.jpg]
[templates.envytheme.com/finlex/default/assets/images/products/product-70.jpg]
[templates.envytheme.com/finlex/default/assets/images/products/product-71.jpg]
[templates.envytheme.com/finlex/default/assets/images/products/product-72.jpg]
[templates.envytheme.com/finlex/default/assets/images/products/product-73.jpg]
[templates.envytheme.com/finlex/default/index-3.html]
[templates.envytheme.com/finlex/default/assets/images/about/about-1.png]
[templates.envytheme.com/finlex/default/assets/images/about/about-2.png]
[templates.envytheme.com/finlex/default/assets/images/about/about-3.png]
[templates.envytheme.com/finlex/default/assets/images/about/about-4.png]
[templates.envytheme.com/finlex/default/about.html]
[templates.envytheme.com/finlex/default/product.html]
[templates.envytheme.com/finlex/default/all-product.html]
[templates.envytheme.com/finlex/default/news-details.html]
[templates.envytheme.com/finlex/default/assets/images/recent-blog/recent-blog-1.jpg]
[templates.envytheme.com/finlex/default/assets/images/recent-blog/recent-blog-2.jpg]
[templates.envytheme.com/finlex/default/assets/images/recent-blog/recent-blog-3.jpg]
[templates.envytheme.com/finlex/default/assets/images/recent-blog/recent-blog-4.jpg]
[templates.envytheme.com/finlex/default/assets/images/recent-blog/recent-blog-5.jpg]
[templates.envytheme.com/finlex/default/assets/images/blog/comment-1.jpg]
[templates.envytheme.com/finlex/default/assets/images/blog/comment-2.jpg]
[templates.envytheme.com/finlex/default/assets/images/blog/comment-3.jpg]
[templates.envytheme.com/finlex/default/product-details-left-sidebar.html]
[templates.envytheme.com/finlex/default/product-details-right-sidebar.html]
[templates.envytheme.com/finlex/default/product-details.html]
[templates.envytheme.com/finlex/default/confirmation.html]
[templates.envytheme.com/finlex/default/assets/images/cart/cart-1.jpg]
[templates.envytheme.com/finlex/default/assets/images/cart/cart-2.jpg]
[templates.envytheme.com/finlex/default/assets/images/cart/cart-3.jpg]
[templates.envytheme.com/finlex/default/assets/images/cart/cart-4.jpg]
[templates.envytheme.com/finlex/default/assets/images/cart/cart-5.jpg]
[templates.envytheme.com/finlex/default/cart.html]
[templates.envytheme.com/finlex/default/checkout.html]
[templates.envytheme.com/finlex/default/wishlist.html]
[templates.envytheme.com/finlex/default/log-in.html]
[templates.envytheme.com/finlex/default/register.html]
[templates.envytheme.com/finlex/default/my-account.html]
[templates.envytheme.com/finlex/default/product-type-one.html]
[templates.envytheme.com/finlex/default/product-type-two.html]
[templates.envytheme.com/finlex/default/product-type-three.html]
[templates.envytheme.com/finlex/default/product-type-four.html]
[templates.envytheme.com/finlex/default/product-type-five.html]
[templates.envytheme.com/finlex/default/product-type-six.html]
[templates.envytheme.com/finlex/default/brand.html]
[templates.envytheme.com/finlex/default/assets/images/testimonial/testimonial-4.jpg]
[templates.envytheme.com/finlex/default/assets/images/testimonial/testimonial-5.jpg]
[templates.envytheme.com/finlex/default/assets/images/testimonial/testimonial-6.jpg]
[templates.envytheme.com/finlex/default/testimonials.html]
[templates.envytheme.com/finlex/default/privacy-policy.html]
[templates.envytheme.com/finlex/default/terms-conditions.html]
[templates.envytheme.com/finlex/default/coming-soon.html]
[templates.envytheme.com/finlex/default/404.html]
[templates.envytheme.com/finlex/default/assets/images/blog/blog-7.jpg]
[templates.envytheme.com/finlex/default/assets/images/blog/blog-8.jpg]
[templates.envytheme.com/finlex/default/assets/images/blog/blog-9.jpg]
[templates.envytheme.com/finlex/default/assets/images/blog/blog-10.jpg]
[templates.envytheme.com/finlex/default/assets/images/blog/blog-11.jpg]
[templates.envytheme.com/finlex/default/assets/images/blog/blog-12.jpg]
[templates.envytheme.com/finlex/default/blog.html]
[templates.envytheme.com/finlex/default/blog-left-sidebar.html]
[templates.envytheme.com/finlex/default/blog-details.html]
[templates.envytheme.com/finlex/default/contact.html]
[templates.envytheme.com/finlex/default/assets/css/owl.video.play.html]
[templates.envytheme.com/finlex/default/assets/fonts/remixicondf6d.html]
[templates.envytheme.com/finlex/default/assets/css/pages-css/header.css]
[templates.envytheme.com/finlex/default/assets/css/pages-css/navbar.css]
[templates.envytheme.com/finlex/default/assets/css/pages-css/sidebar-modal.css]
[templates.envytheme.com/finlex/default/assets/css/pages-css/search-modal.css]
[templates.envytheme.com/finlex/default/assets/images/video-bg.jpg]
[templates.envytheme.com/finlex/default/assets/images/discount-img-2.jpg]
[templates.envytheme.com/finlex/default/assets/images/discount-img.jpg]
[templates.envytheme.com/finlex/default/assets/images/subscribe-bg.jpg]
[templates.envytheme.com/finlex/default/assets/css/pages-css/hone-page-one.css]
[templates.envytheme.com/finlex/default/assets/css/pages-css/footer.css]
[templates.envytheme.com/finlex/default/assets/css/pages-css/copy-right.css]
[templates.envytheme.com/finlex/default/assets/images/banner/banner-bg-2.jpg]
[templates.envytheme.com/finlex/default/assets/images/discount-product-1.jpg]
[templates.envytheme.com/finlex/default/assets/images/discount-product-2.jpg]
[templates.envytheme.com/finlex/default/assets/images/discount-product-3.jpg]
[templates.envytheme.com/finlex/default/assets/images/discount-product-4.jpg]
[templates.envytheme.com/finlex/default/assets/images/discount-product-5.jpg]
[templates.envytheme.com/finlex/default/assets/images/discount-product-6.jpg]
[templates.envytheme.com/finlex/default/assets/images/subscribe-bg-2.jpg]
[templates.envytheme.com/finlex/default/assets/css/pages-css/home-page-two.css]
[templates.envytheme.com/finlex/default/assets/images/discount-product-7.jpg]
[templates.envytheme.com/finlex/default/assets/images/discount-product-8.jpg]
[templates.envytheme.com/finlex/default/assets/images/discount-product-9.jpg]
[templates.envytheme.com/finlex/default/assets/images/discount-product-10.jpg]
[templates.envytheme.com/finlex/default/assets/images/discount-product-11.jpg]
[templates.envytheme.com/finlex/default/assets/images/discount-product-12.jpg]
[templates.envytheme.com/finlex/default/assets/images/discount-product-13.jpg]
[templates.envytheme.com/finlex/default/assets/images/discount-product-14.jpg]
[templates.envytheme.com/finlex/default/assets/images/counter-bg.jpg]
[templates.envytheme.com/finlex/default/assets/images/sale-product/sale-product-1.jpg]
[templates.envytheme.com/finlex/default/assets/images/sale-product/sale-product-2.jpg]
[templates.envytheme.com/finlex/default/assets/images/sale-product/sale-product-3.jpg]
[templates.envytheme.com/finlex/default/assets/images/sale-product/sale-product-4.jpg]
[templates.envytheme.com/finlex/default/assets/css/pages-css/home-page-three.css]
[templates.envytheme.com/finlex/default/assets/images/page-title-bg.jpg]
[templates.envytheme.com/finlex/default/assets/css/pages-css/page-title.css]
[templates.envytheme.com/finlex/default/assets/css/pages-css/about.css]
[templates.envytheme.com/finlex/default/assets/css/pages-css/contact.css]
[templates.envytheme.com/finlex/default/assets/css/pages-css/confirmation.css]
[templates.envytheme.com/finlex/default/assets/css/pages-css/my-account.css]
[templates.envytheme.com/finlex/default/assets/css/pages-css/checkout.css]
[templates.envytheme.com/finlex/default/assets/css/pages-css/cart.css]
[templates.envytheme.com/finlex/default/assets/css/pages-css/wishlist.css]
[templates.envytheme.com/finlex/default/assets/css/pages-css/blog-details.css]
[templates.envytheme.com/finlex/default/assets/css/pages-css/sidebar-widget.css]
[templates.envytheme.com/finlex/default/assets/css/pages-css/main-content.css]
[templates.envytheme.com/finlex/default/assets/images/coming-soon-bg.jpg]
[templates.envytheme.com/finlex/default/assets/css/pages-css/coming-soon.css]
[templates.envytheme.com/finlex/default/assets/css/pages-css/404.css]
[templates.envytheme.com/finlex/default/assets/css/pages-css/product-details.css]
[templates.envytheme.com/finlex/default/assets/css/pages-css/product-view-one.css]
[templates.envytheme.com/finlex/default/news-details.html]
